[spacebartest.org/1v1-lol-unblocked.html]
[spacebartest.org/assets/images/favicon.png]
[backblue.gif]
[fade.gif]
[index.html]
[spacebartest.org/css/cps-game.css]
[spacebartest.org/assets/images/arrow-up.png]
[spacebartest.org/index.html]
[spacebartest.org/assets/images/bg.jpg]
[securepubads.g.doubleclick.net/tag/js/f.txt]
[spacebartest.org/assets/images/logo.svg]
[spacebartest.org/assets/images/home-icon.svg]
[spacebartest.org/about.html]
[spacebartest.org/assets/images/about-icon.svg]
[spacebartest.org/assets/images/spacebar-mode.svg]
[spacebartest.org/1-second.html]
[spacebartest.org/2-second.html]
[spacebartest.org/5-second.html]
[spacebartest.org/10-second.html]
[spacebartest.org/15-second.html]
[spacebartest.org/30-second.html]
[spacebartest.org/60-second.html]
[spacebartest.org/100-second.html]
[spacebartest.org/120-second.html]
[spacebartest.org/set-time.html]
[spacebartest.org/assets/images/spacebar-hits.svg]
[spacebartest.org/spacebar-100-hits-in-10-seconds.html]
[spacebartest.org/spacebar-100-hits-score-challenge.html]
[spacebartest.org/spacebar-200-hits-in-20-seconds.html]
[spacebartest.org/spacebar-200-hits-score-challenge.html]
[spacebartest.org/spacebar-300-hits-in-30-seconds.html]
[spacebartest.org/spacebar-300-hits-score-challenge.html]
[spacebartest.org/spacebar-500-hits-in-60-seconds.html]
[spacebartest.org/spacebar-500-hits-score-challenge.html]
[spacebartest.org/spacebar-1000-hits-in-100-seconds.html]
[spacebartest.org/spacebar-1000-hits-score-challenge.html]
[spacebartest.org/assets/images/try.png]
[spacebartest.org/games.html]
[spacebartest.org/assets/images/games.svg]
[spacebartest.org/dinosaur-game.html]
[spacebartest.org/corona-runner.html]
[spacebartest.org/flappy-bird.html]
[spacebartest.org/space-invaders.html]
[spacebartest.org/space-shooter.html]
[spacebartest.org/color-blast.html]
[spacebartest.org/fishing-game.html]
[spacebartest.org/feed-the-dog.html]
[spacebartest.org/privacy.html]
[spacebartest.org/assets/images/privacy.svg]
[spacebartest.org/terms.html]
[spacebartest.org/assets/images/terms.svg]
[spacebartest.org/feedback.html]
[spacebartest.org/assets/images/feedback.svg]
[spacebartest.org/update.html]
[spacebartest.org/assets/images/changelog.svg]
[spacebartest.org/assets/images/add-to-chrome.svg]
[spacebartest.org/assets/images/menu-icon.svg]
[spacebartest.org/assets/images/cpsgame/1v1-lol-unblocked-logo.png]
[spacebartest.org/tunnel-rush.html]
[spacebartest.org/assets/images/cpsgame/tunnel-rush-logo.png]
[spacebartest.org/tiny-fishing.html]
[spacebartest.org/assets/images/cpsgame/tiny-fishing-logo.png]
[spacebartest.org/vex-4.html]
[spacebartest.org/assets/images/cpsgame/vex-4-logo.png]
[spacebartest.org/rooftop-snipers-unblocked.html]
[spacebartest.org/assets/images/cpsgame/rooftop-snipers-unblocked-logo.png]
[spacebartest.org/geometry-dash-full-version.html]
[spacebartest.org/assets/images/cpsgame/geometry-dash-full-version-logo.png]
[spacebartest.org/geometry-dash-lite.html]
[spacebartest.org/assets/images/cpsgame/geometry-dash-lite-logo.png]
[spacebartest.org/geometry-dash.html]
[spacebartest.org/assets/images/cpsgame/geometry-dash-logo.png]
[spacebartest.org/geometry-dash-subzero.html]
[spacebartest.org/assets/images/cpsgame/geometry-dash-subzero-logo.png]
[spacebartest.org/geometry-dash-meltdown.html]
[spacebartest.org/assets/images/cpsgame/geometry-dash-meltdown-logo.png]
[spacebartest.org/geometry-dash-world.html]
[spacebartest.org/assets/images/cpsgame/geometry-dash-world-logo.png]
[spacebartest.org/geometry-dash-unblocked.html]
[spacebartest.org/assets/images/cpsgame/geometry-dash-unblocked-logo.png]
[spacebartest.org/geometry-jump.html]
[spacebartest.org/assets/images/cpsgame/geometry-jump-logo.png]
[spacebartest.org/assets/images/go-to-top-icon.svg]
[spacebartest.org/js/cps-game/customscript.js]
[cdn.jsdelivr.net/npm/jquery@3.5.1/dist/jquery.slim.min.js]
[cdn.jsdelivr.net/npm/bootstrap@4.6.1/dist/js/bootstrap.bundle.min.js]
[cdn.jsdelivr.net/npm/bootstrap@5.1.1/dist/js/bootstrap.bundle.min.js]
[cdnjs.cloudflare.com/ajax/libs/popper.js/1.11.0/umd/popper.min.js]
[cdnjs.cloudflare.com/ajax/libs/jquery/3.5.1/jquery.min.js]
[spacebartest.org/js/scripts.js]
[spacebartest.org/js/sidebar-menu.js]
[cdn.datatables.net/1.11.5/js/jquery.dataTables.min.js]
[spacebartest.org/1v1-lol-unblocked.html]
[cdn.datatables.net/1.11.5/js/dataTables.bootstrap4.min.js]
[spacebartest.org/assets/images/banner.jpg]
[cdnjs.cloudflare.com/ajax/libs/flag-icon-css/2.3.1/css/flag-icon.min.css]
[spacebartest.org/assets/images/timer-icon.svg]
[spacebartest.org/assets/images/clicks-icon.svg]
[spacebartest.org/assets/images/score-icon.svg]
[spacebartest.org/assets/images/spacebar-button.svg]
[spacebartest.org/assets/images/spacebar-button-press.svg]
[spacebartest.org/assets/images/cpsgame/1v1-lol-unblocked.png]
[spacebartest.org/assets/images/pop-up/fb.svg]
[spacebartest.org/assets/images/pop-up/twitter.svg]
[spacebartest.org/assets/images/spacebar-counter-modes-1.svg]
[spacebartest.org/assets/images/spacebar-counter-modes-2.svg]
[spacebartest.org/assets/images/spacebar-counter-modes-5.svg]
[spacebartest.org/assets/images/spacebar-counter-modes-10.svg]
[spacebartest.org/assets/images/spacebar-counter-modes-30.svg]
[spacebartest.org/assets/images/spacebar-counter-modes-60.svg]
[spacebartest.org/assets/images/spacebar-counter-modes-100.svg]
[spacebartest.org/assets/images/spacebar-counter-modes-120.svg]
[spacebartest.org/funny-shooter-2.html]
[spacebartest.org/assets/images/cpsgame/funny-shooter-2-logo.png]
[spacebartest.org/fortnite-unblocked.html]
[spacebartest.org/assets/images/cpsgame/fortnite-unblocked-logo.png]
[spacebartest.org/timer-shooter.html]
[spacebartest.org/assets/images/cpsgame/timer-shooter-logo.png]
[spacebartest.org/tunnel-rush-2.html]
[spacebartest.org/assets/images/cpsgame/tunnel-rush-2-logo.png]
[spacebartest.org/drive-mad.html]
[spacebartest.org/assets/images/cpsgame/drive-mad-logo.png]
[spacebartest.org/assets/images/spacebar-clicker-challenge-1.svg]
[spacebartest.org/assets/images/spacebar-clicker-challenge-2.svg]
[spacebartest.org/assets/images/spacebar-clicker-challenge-3.svg]
[spacebartest.org/assets/images/spacebar-clicker-challenge-4.svg]
[spacebartest.org/assets/images/spacebar-clicker-challenge-5.svg]
[spacebartest.org/assets/images/spacebar-clicker-challenge-6.svg]
[spacebartest.org/assets/images/spacebar-clicker-challenge-7.svg]
[spacebartest.org/assets/images/spacebar-clicker-challenge-8.svg]
[spacebartest.org/assets/images/spacebar-clicker-challenge-9.svg]
[spacebartest.org/assets/images/spacebar-clicker-challenge-10.svg]
[spacebartest.org/index.html]
[spacebartest.org/css/cps-game.css]
[spacebartest.org/assets/images/logo.svg]
[spacebartest.org/assets/images/home-icon.svg]
[spacebartest.org/about.html]
[spacebartest.org/assets/images/about-icon.svg]
[spacebartest.org/assets/images/spacebar-mode.svg]
[spacebartest.org/js/spacebarTestH.js]
[spacebartest.org/smash-kart-unblocked.html]
[spacebartest.org/assets/images/cpsgame/smashkarts-unblocked.png]
[spacebartest.org/1-second.html]
[spacebartest.org/js/spacebarTest-Js.js]
[spacebartest.org/stick-merge.html]
[spacebartest.org/assets/images/cpsgame/stick-merge-unblocked.png]
[spacebartest.org/2-second.html]
[spacebartest.org/assets/images/cpsgame/funny-shooter-unblocked.png]
[spacebartest.org/5-second.html]
[spacebartest.org/10-second.html]
[spacebartest.org/15-second.html]
[spacebartest.org/30-second.html]
[spacebartest.org/60-second.html]
[spacebartest.org/100-second.html]
[spacebartest.org/120-second.html]
[spacebartest.org/set-time.html]
[spacebartest.org/assets/images/spacebar-hits.svg]
[spacebartest.org/js/set-time.js]
[spacebartest.org/js/spacebarHitPerTime.js]
[spacebartest.org/spacebar-100-hits-in-10-seconds.html]
[spacebartest.org/js/spacebarPerHits.js]
[spacebartest.org/spacebar-100-hits-score-challenge.html]
[spacebartest.org/spacebar-200-in-hits-20-seconds]
[spacebartest.org/spacebar-200-hits-in-20-seconds.html]
[spacebartest.org/spacebar-200-hits-score-challenge.html]
[spacebartest.org/spacebar-300-hits-in-30-seconds.html]
[spacebartest.org/spacebar-300-hits-score-challenge.html]
[spacebartest.org/spacebar-500-hits-in-60-seconds.html]
[spacebartest.org/spacebar-500-hits-score-challenge.html]
[spacebartest.org/spacebar-1000-hits-in-100-seconds.html]
[spacebartest.org/spacebar-1000-hits-score-challenge.html]
[spacebartest.org/css/cpsgame.css]
[spacebartest.org/assets/images/cpsgame/flappy-bird-logo.png]
[spacebartest.org/moto-x3m.html]
[spacebartest.org/assets/images/cpsgame/moto-x3m-logo.png]
[spacebartest.org/crossy-road.html]
[spacebartest.org/assets/images/cpsgame/crossy-road-logo.png]
[spacebartest.org/just-fall-unblocked.html]
[spacebartest.org/assets/images/cpsgame/just-fall-unblocked-logo.png]
[spacebartest.org/madalin-stunt-cars-2.html]
[spacebartest.org/assets/images/cpsgame/madalin-stunt-cars-2-logo1.png]
[spacebartest.org/assets/images/cpsgame/smash-kart-unblocked-logo.png]
[spacebartest.org/ovo-unblocked.html]
[spacebartest.org/assets/images/cpsgame/ovo-unblocked-logo.png]
[spacebartest.org/monkey-mart.html]
[spacebartest.org/assets/images/cpsgame/monkey-mart-logo.png]
[spacebartest.org/happy-wheels.html]
[spacebartest.org/assets/images/cpsgame/happy-wheels-logo.png]
[spacebartest.org/tunnel.html]
[spacebartest.org/assets/images/cpsgame/tunnel-logo.png]
[spacebartest.org/crazy-tunnel.html]
[spacebartest.org/assets/images/cpsgame/crazy-tunnel-logo.png]
[spacebartest.org/color-tunnel.html]
[spacebartest.org/assets/images/cpsgame/color-tunnel-logo.png]
[spacebartest.org/slope-unblocked.html]
[spacebartest.org/assets/images/cpsgame/slope-unblocked-logo.png]
[spacebartest.org/slope-ball.html]
[spacebartest.org/assets/images/cpsgame/slope-ball-logo.png]
[spacebartest.org/slope-city.html]
[spacebartest.org/assets/images/cpsgame/slope-city-logo.png]
[spacebartest.org/galaxy-slope.html]
[spacebartest.org/assets/images/cpsgame/galaxy-slope-logo.png]
[spacebartest.org/crazy-roll-3d.html]
[spacebartest.org/assets/images/cpsgame/crazy-roll-3d-logo.png]
[spacebartest.org/assets/images/cpsgame/stick-merge-logo.png]
[spacebartest.org/drift-boss.html]
[spacebartest.org/assets/images/cpsgame/drift-boss-logo.png]
[spacebartest.org/drift-hunter.html]
[spacebartest.org/assets/images/cpsgame/drift-hunter-logo.png]
[spacebartest.org/madalin-stunt-cars-pro.html]
[spacebartest.org/assets/images/cpsgame/madalin-stunt-cars-pro-logo1.png]
[spacebartest.org/flying-car-simulator.html]
[spacebartest.org/assets/images/cpsgame/flying-car-simulator-logo1.png]
[spacebartest.org/extreme-drift-car.html]
[spacebartest.org/assets/images/cpsgame/extreme-drift-car-logo.png]
[spacebartest.org/ultimate-car-driving.html]
[spacebartest.org/assets/images/cpsgame/ultimate-car-driving-logo.png]
[spacebartest.org/snow-rider-3d.html]
[spacebartest.org/assets/images/cpsgame/snow-rider-3d-logo.png]
[spacebartest.org/games.html]
[spacebartest.org/assets/images/games.svg]
[spacebartest.org/static/assets/image/banner.png]
[spacebartest.org/css/dino.css]
[spacebartest.org/assets/images/100-offline-sprite.png]
[spacebartest.org/assets/images/200-offline-sprite.png]
[spacebartest.org/js/dino.js]
[spacebartest.org/dinosaur-game.html]
[spacebartest.org/css/corona-runner.css]
[spacebartest.org/assets/images/100-offline-sprite-corona.png]
[spacebartest.org/corona-runner.html]
[spacebartest.org/assets/images/200-offline-sprite-corona.png]
[spacebartest.org/flappy-bird.html]
[spacebartest.org/js/spaceinvaders.js]
[spacebartest.org/js/starfield.js]
[spacebartest.org/space-invaders.html]
[spacebartest.org/space-shooter.html]
[spacebartest.org/js/space-shooter.js]
[spacebartest.org/color-blast.html]
[spacebartest.org/js/color-blast.js]
[s3-us-west-2.amazonaws.com/s.cdpn.io/49240/game-reel-loop.png]
[spacebartest.org/assets/images/fishing-game/stick.svg]
[spacebartest.org/assets/images/fishing-game/handle.svg]
[spacebartest.org/assets/images/fishing-game/water-tank.svg]
[spacebartest.org/assets/images/fishing-game/water-tank-glass-effect.svg]
[spacebartest.org/assets/images/fishing-game/fish.svg]
[spacebartest.org/assets/images/fishing-game/white-box.svg]
[spacebartest.org/assets/images/fishing-game/gray-progress.svg]
[spacebartest.org/assets/images/fishing-game/green-progress.svg]
[s3-us-west-2.amazonaws.com/s.cdpn.io/49240/game-nice-catch.png]
[s3-us-west-2.amazonaws.com/s.cdpn.io/49240/game-perfect.png]
[spacebartest.org/fishing-game.html]
[spacebartest.org/js/fishing-game.js]
[spacebartest.org/assets/images/feed-the-dog/bg-feed-the-dog.svg]
[spacebartest.org/assets/images/feed-the-dog/food.svg]
[spacebartest.org/assets/images/feed-the-dog/hungry-dog.svg]
[spacebartest.org/assets/images/feed-the-dog/happy-dog.svg]
[spacebartest.org/js/fedd-the-dog.js]
[spacebartest.org/feed-the-dog.html]
[spacebartest.org/privacy.html]
[spacebartest.org/assets/images/privacy.svg]
[spacebartest.org/terms.html]
[spacebartest.org/assets/images/terms.svg]
[spacebartest.org/cdn-cgi/l/email-protection.html]
[spacebartest.org/feedback.html]
[spacebartest.org/assets/images/feedback.svg]
[spacebartest.org/update.html]
[spacebartest.org/assets/images/changelog.svg]
[spacebartest.org/assets/images/add-to-chrome.svg]
[spacebartest.org/assets/images/menu-icon.svg]
[spacebartest.org/tunnel-rush.html]
[spacebartest.org/tiny-fishing.html]
[spacebartest.org/vex-4.html]
[spacebartest.org/rooftop-snipers-unblocked.html]
[spacebartest.org/geometry-dash-full-version.html]
[spacebartest.org/geometry-dash-lite.html]
[spacebartest.org/geometry-dash.html]
[spacebartest.org/geometry-dash-subzero.html]
[spacebartest.org/geometry-dash-meltdown.html]
[spacebartest.org/geometry-dash-world.html]
[spacebartest.org/geometry-dash-unblocked.html]
[spacebartest.org/geometry-jump.html]
[spacebartest.org/assets/images/go-to-top-icon.svg]
[cdnjs.cloudflare.com/ajax/libs/flag-icon-css/2.3.1/css/flag-icon.min.css]
[www.googletagmanager.com/gtm5445.html]
[spacebartest.org/assets/images/timer-icon.svg]
[spacebartest.org/assets/images/clicks-icon.svg]
[spacebartest.org/assets/images/score-icon.svg]
[spacebartest.org/assets/images/spacebar-button.svg]
[spacebartest.org/assets/images/spacebar-button-press.svg]
[spacebartest.org/assets/images/pop-up/fb.svg]
[spacebartest.org/assets/images/pop-up/twitter.svg]
[spacebartest.org/assets/images/spacebar-counter-modes-1.svg]
[spacebartest.org/assets/images/spacebar-counter-modes-2.svg]
[spacebartest.org/assets/images/spacebar-counter-modes-5.svg]
[spacebartest.org/assets/images/spacebar-counter-modes-10.svg]
[spacebartest.org/assets/images/spacebar-counter-modes-30.svg]
[spacebartest.org/assets/images/spacebar-counter-modes-60.svg]
[spacebartest.org/assets/images/spacebar-counter-modes-100.svg]
[spacebartest.org/assets/images/spacebar-counter-modes-120.svg]
[spacebartest.org/funny-shooter-2.html]
[spacebartest.org/fortnite-unblocked.html]
[spacebartest.org/timer-shooter.html]
[spacebartest.org/tunnel-rush-2.html]
[spacebartest.org/drive-mad.html]
[spacebartest.org/assets/images/spacebar-clicker-challenge-1.svg]
[spacebartest.org/assets/images/spacebar-clicker-challenge-2.svg]
[spacebartest.org/assets/images/spacebar-clicker-challenge-3.svg]
[spacebartest.org/assets/images/spacebar-clicker-challenge-4.svg]
[spacebartest.org/assets/images/spacebar-clicker-challenge-5.svg]
[spacebartest.org/assets/images/spacebar-clicker-challenge-6.svg]
[spacebartest.org/assets/images/spacebar-clicker-challenge-7.svg]
[spacebartest.org/assets/images/spacebar-clicker-challenge-8.svg]
[spacebartest.org/assets/images/spacebar-clicker-challenge-9.svg]
[spacebartest.org/assets/images/spacebar-clicker-challenge-10.svg]
[spacebartest.org/smash-kart-unblocked.html]
[spacebartest.org/stick-merge.html]
[spacebartest.org/spacebar-200-in-hits-20-seconds.html]
[spacebartest.org/css/cpsgame.css]
[spacebartest.org/moto-x3m.html]
[spacebartest.org/crossy-road.html]
[spacebartest.org/just-fall-unblocked.html]
[spacebartest.org/cdn-cgi/scripts/5c5dd728/cloudflare-static/email-decode.min.js]
[spacebartest.org/assets/images/cpsgame/madalin-stunt-cars-2-logo.png]
[spacebartest.org/madalin-stunt-cars-2.html]
[spacebartest.org/ovo-unblocked.html]
[spacebartest.org/monkey-mart.html]
[spacebartest.org/happy-wheels.html]
[spacebartest.org/tunnel.html]
[spacebartest.org/crazy-tunnel.html]
[spacebartest.org/color-tunnel.html]
[spacebartest.org/slope-unblocked.html]
[spacebartest.org/slope-ball.html]
[spacebartest.org/slope-city.html]
[spacebartest.org/galaxy-slope.html]
[spacebartest.org/js/cps-game/custom-script.js]
[spacebartest.org/crazy-roll-3d.html]
[spacebartest.org/drift-boss.html]
[spacebartest.org/drift-hunter.html]
[spacebartest.org/assets/images/cpsgame/madalin-stunt-cars-pro-logo.png]
[spacebartest.org/madalin-stunt-cars-pro.html]
[spacebartest.org/flying-car-simulator.html]
[spacebartest.org/extreme-drift-car.html]
[spacebartest.org/ultimate-car-driving.html]
[spacebartest.org/snow-rider-3d.html]
[spacebartest.org/static/assets/image/banner.html]
[spacebartest.org/css/..static/assets/default_100_percent/100-error-offline.png]
[spacebartest.org/static/assets/default_200_percent/200-error-offline.png]
[spacebartest.org/css/dino.css]
[spacebartest.org/css/..static/assets/default_100_percent/100-error-offline-2.html]
[spacebartest.org/css/..static/assets/default_200_percent/200-error-offline.html]
[spacebartest.org/css/corona-runner.css]
[spacebartest.org/assets/images/fishing-game/stick.svg]
[spacebartest.org/assets/images/fishing-game/handle.svg]
[spacebartest.org/assets/images/fishing-game/water-tank.svg]
[spacebartest.org/assets/images/fishing-game/water-tank-glass-effect.svg]
[spacebartest.org/assets/images/fishing-game/fish.svg]
[spacebartest.org/assets/images/fishing-game/white-box.svg]
[spacebartest.org/assets/images/fishing-game/gray-progress.svg]
[spacebartest.org/assets/images/fishing-game/green-progress.svg]
[spacebartest.org/assets/images/feed-the-dog/bg-feed-the-dog.svg]
[spacebartest.org/assets/images/feed-the-dog/food.svg]
[spacebartest.org/assets/images/feed-the-dog/hungry-dog.svg]
[spacebartest.org/assets/images/feed-the-dog/happy-dog.svg]
[spacebartest.org/cdn-cgi/l/email-protection.html]
[spacebartest.org/css/..static/assets/default_100_percent/100-error-offline.html]
[spacebartest.org/static/assets/default_200_percent/200-error-offline.html]
[spacebartest.org/css/..static/assets/default_100_percent/100-error-offline-2.html]
[spacebartest.org/css/..static/assets/default_200_percent/200-error-offline.html]
